I'm sorry, but errors were detected in your script. Please correct the
errors listed below, and try again.


File "game/doors.rpy", line 16: is not terminated with a newline. (Check strings and parenthesis.)
            text str(_message

Ren'Py Version: Ren'Py 8.1.3.23091805
Sun Apr 21 19:53:57 2024
